#-----------------------------------------------------------
# Vivado v2018.3 (64-bit)
# SW Build 2405991 on Thu Dec  6 23:38:27 MST 2018
# IP Build 2404404 on Fri Dec  7 01:43:56 MST 2018
# Start of session at: Fri Mar  1 13:50:55 2019
# Process ID: 3008
# Current directory: C:/Users/SET253-14U.HCCMAIN/Documents/GitHub/ENES247_TRUC/lab4-PriorityEncoders_ROM/5ROMmultiply/ROM_multiply
# Command line: vivado.exe -gui_launcher_event rodinguilauncherevent5592 C:\Users\SET253-14U.HCCMAIN\Documents\GitHub\ENES247_TRUC\lab4-PriorityEncoders_ROM\5ROMmultiply\ROM_multiply\ROM_multiply.xpr
# Log file: C:/Users/SET253-14U.HCCMAIN/Documents/GitHub/ENES247_TRUC/lab4-PriorityEncoders_ROM/5ROMmultiply/ROM_multiply/vivado.log
# Journal file: C:/Users/SET253-14U.HCCMAIN/Documents/GitHub/ENES247_TRUC/lab4-PriorityEncoders_ROM/5ROMmultiply/ROM_multiply\vivado.jou
#-----------------------------------------------------------
start_gui
open_project C:/Users/SET253-14U.HCCMAIN/Documents/GitHub/ENES247_TRUC/lab4-PriorityEncoders_ROM/5ROMmultiply/ROM_multiply/ROM_multiply.xpr
update_compile_order -fileset sources_1
