#-----------------------------------------------------------
# Vivado v2018.3 (64-bit)
# SW Build 2405991 on Thu Dec  6 23:38:27 MST 2018
# IP Build 2404404 on Fri Dec  7 01:43:56 MST 2018
# Start of session at: Tue May 21 09:51:52 2019
# Process ID: 10752
# Current directory: C:/Users/SET165-07U/Documents/GitHub/ENES247_TRUC/lab10-FSM-Moore-Mealy/lab10_2_1/lab2
# Command line: vivado.exe -gui_launcher_event rodinguilauncherevent1476 C:\Users\SET165-07U\Documents\GitHub\ENES247_TRUC\lab10-FSM-Moore-Mealy\lab10_2_1\lab2\lab2.xpr
# Log file: C:/Users/SET165-07U/Documents/GitHub/ENES247_TRUC/lab10-FSM-Moore-Mealy/lab10_2_1/lab2/vivado.log
# Journal file: C:/Users/SET165-07U/Documents/GitHub/ENES247_TRUC/lab10-FSM-Moore-Mealy/lab10_2_1/lab2\vivado.jou
#-----------------------------------------------------------
start_gui
open_project C:/Users/SET165-07U/Documents/GitHub/ENES247_TRUC/lab10-FSM-Moore-Mealy/lab10_2_1/lab2/lab2.xpr
update_compile_order -fileset sources_1
reset_run synth_1
launch_runs impl_1 -to_step write_bitstream -jobs 4
wait_on_run impl_1
open_run impl_1
launch_simulation
source moore_sequence_detector_3processes_tb.tcl
