#-----------------------------------------------------------
# Vivado v2018.3 (64-bit)
# SW Build 2405991 on Thu Dec  6 23:38:27 MST 2018
# IP Build 2404404 on Fri Dec  7 01:43:56 MST 2018
# Start of session at: Thu May  2 13:55:47 2019
# Process ID: 5084
# Current directory: C:/Users/SET253-12U.HCCMAIN/Documents/GitHub/ENES247_TRUC/lab7-Behavioral-Modeling/lab7_1_4/lab7_1_4_graycode
# Command line: vivado.exe -gui_launcher_event rodinguilauncherevent10464 C:\Users\SET253-12U.HCCMAIN\Documents\GitHub\ENES247_TRUC\lab7-Behavioral-Modeling\lab7_1_4\lab7_1_4_graycode\lab7_1_4_graycode.xpr
# Log file: C:/Users/SET253-12U.HCCMAIN/Documents/GitHub/ENES247_TRUC/lab7-Behavioral-Modeling/lab7_1_4/lab7_1_4_graycode/vivado.log
# Journal file: C:/Users/SET253-12U.HCCMAIN/Documents/GitHub/ENES247_TRUC/lab7-Behavioral-Modeling/lab7_1_4/lab7_1_4_graycode\vivado.jou
#-----------------------------------------------------------
start_gui
open_project C:/Users/SET253-12U.HCCMAIN/Documents/GitHub/ENES247_TRUC/lab7-Behavioral-Modeling/lab7_1_4/lab7_1_4_graycode/lab7_1_4_graycode.xpr
update_compile_order -fileset sources_1
reset_run synth_1
launch_runs impl_1 -to_step write_bitstream -jobs 4
wait_on_run impl_1
open_run impl_1
open_hw
connect_hw_server
open_hw_target
set_property PROGRAM.FILE {C:/Users/SET253-12U.HCCMAIN/Documents/GitHub/ENES247_TRUC/lab7-Behavioral-Modeling/lab7_1_4/lab7_1_4_graycode/lab7_1_4_graycode.runs/impl_1/gray_code_case.bit} [get_hw_devices xc7a100t_0]
current_hw_device [get_hw_devices xc7a100t_0]
refresh_hw_device -update_hw_probes false [lindex [get_hw_devices xc7a100t_0] 0]
set_property PROBES.FILE {} [get_hw_devices xc7a100t_0]
set_property FULL_PROBES.FILE {} [get_hw_devices xc7a100t_0]
set_property PROGRAM.FILE {C:/Users/SET253-12U.HCCMAIN/Documents/GitHub/ENES247_TRUC/lab7-Behavioral-Modeling/lab7_1_4/lab7_1_4_graycode/lab7_1_4_graycode.runs/impl_1/gray_code_case.bit} [get_hw_devices xc7a100t_0]
program_hw_devices [get_hw_devices xc7a100t_0]
refresh_hw_device [lindex [get_hw_devices xc7a100t_0] 0]
close_hw
create_project lab7_1_5 C:/Users/SET253-12U.HCCMAIN/Documents/GitHub/ENES247_TRUC/lab7-Behavioral-Modeling/lab7_1_5/lab7_1_5 -part xc7a100tcsg324-1
set_property board_part digilentinc.com:nexys4_ddr:part0:1.1 [current_project]
add_files -norecurse C:/Users/SET253-12U.HCCMAIN/Documents/GitHub/ENES247_TRUC/lab7-Behavioral-Modeling/lab7_1_5/specific_counter_case.v
add_files -fileset constrs_1 -norecurse C:/Users/SET253-12U.HCCMAIN/Documents/GitHub/ENES247_TRUC/lab7-Behavioral-Modeling/lab7_1_5/Nexys4DDR_Master.xdc
update_compile_order -fileset sources_1
current_project lab7_1_4_graycode
launch_simulation
source gray_code_case.tcl
close_sim
close_project
set_property SOURCE_SET sources_1 [get_filesets sim_1]
add_files -fileset sim_1 -norecurse C:/Users/SET253-12U.HCCMAIN/Documents/GitHub/ENES247_TRUC/lab7-Behavioral-Modeling/lab7_1_5/specific_counter_case_tb.v
update_compile_order -fileset sim_1
update_compile_order -fileset sim_1
synth_design -rtl -name rtl_1
launch_runs impl_1 -to_step write_bitstream -jobs 4
wait_on_run impl_1
close_design
open_run impl_1
launch_simulation
source specific_counter_case_tb.tcl
close_sim
launch_simulation
source specific_counter_case_tb.tcl
open_hw
connect_hw_server
open_hw_target
set_property PROGRAM.FILE {C:/Users/SET253-12U.HCCMAIN/Documents/GitHub/ENES247_TRUC/lab7-Behavioral-Modeling/lab7_1_5/lab7_1_5/lab7_1_5.runs/impl_1/specific_counter_case.bit} [get_hw_devices xc7a100t_0]
current_hw_device [get_hw_devices xc7a100t_0]
refresh_hw_device -update_hw_probes false [lindex [get_hw_devices xc7a100t_0] 0]
set_property PROBES.FILE {} [get_hw_devices xc7a100t_0]
set_property FULL_PROBES.FILE {} [get_hw_devices xc7a100t_0]
set_property PROGRAM.FILE {C:/Users/SET253-12U.HCCMAIN/Documents/GitHub/ENES247_TRUC/lab7-Behavioral-Modeling/lab7_1_5/lab7_1_5/lab7_1_5.runs/impl_1/specific_counter_case.bit} [get_hw_devices xc7a100t_0]
program_hw_devices [get_hw_devices xc7a100t_0]
refresh_hw_device [lindex [get_hw_devices xc7a100t_0] 0]
close_sim
