#-----------------------------------------------------------
# Vivado v2018.3 (64-bit)
# SW Build 2405991 on Thu Dec  6 23:38:27 MST 2018
# IP Build 2404404 on Fri Dec  7 01:43:56 MST 2018
# Start of session at: Thu Feb 14 16:35:22 2019
# Process ID: 596
# Current directory: C:/Users/SET253-09U.HCCMAIN/Documents/GitHub/ENES247_TRUC/lab3-ReusableBCDhex7segDisplayCode/2_32bitBCDto16LEDs/32bitBCDto16LEDs
# Command line: vivado.exe -gui_launcher_event rodinguilauncherevent11828 C:\Users\SET253-09U.HCCMAIN\Documents\GitHub\ENES247_TRUC\lab3-ReusableBCDhex7segDisplayCode\2_32bitBCDto16LEDs\32bitBCDto16LEDs\32bitBCDto16LEDs.xpr
# Log file: C:/Users/SET253-09U.HCCMAIN/Documents/GitHub/ENES247_TRUC/lab3-ReusableBCDhex7segDisplayCode/2_32bitBCDto16LEDs/32bitBCDto16LEDs/vivado.log
# Journal file: C:/Users/SET253-09U.HCCMAIN/Documents/GitHub/ENES247_TRUC/lab3-ReusableBCDhex7segDisplayCode/2_32bitBCDto16LEDs/32bitBCDto16LEDs\vivado.jou
#-----------------------------------------------------------
start_gui
open_project C:/Users/SET253-09U.HCCMAIN/Documents/GitHub/ENES247_TRUC/lab3-ReusableBCDhex7segDisplayCode/2_32bitBCDto16LEDs/32bitBCDto16LEDs/32bitBCDto16LEDs.xpr
update_compile_order -fileset sources_1
update_files -from_files C:/Users/SET253-09U.HCCMAIN/Documents/GitHub/ENES247_TRUC/lab3-ReusableBCDhex7segDisplayCode/2_32bitBCDto16LEDs/32bitBCDto16LEDs.v -to_files C:/Users/SET253-09U.HCCMAIN/Documents/GitHub/ENES247_TRUC/lab3-ReusableBCDhex7segDisplayCode/2_32bitBCDto16LEDs/32butBCDto16LEDs.v -filesets [get_filesets *]
update_compile_order -fileset sources_1
